******************************************************************************
                  TI ARM Linker PC v15.12.3                    
******************************************************************************
>> Linked Thu Feb 02 19:23:03 2017

OUTPUT FILE NAME:   <3DPrinter.out>
ENTRY POINT SYMBOL: "_c_int00"  address: 000006d5


MEMORY CONFIGURATION

         name            origin    length      used     unused   attr    fill
----------------------  --------  ---------  --------  --------  ----  --------
  FLASH                 00000000   00040000  000008f4  0003f70c  R  X
  SRAM                  20000000   00008000  00000218  00007de8  RW X


SEGMENT ALLOCATION MAP

run origin  load origin   length   init length attrs members
----------  ----------- ---------- ----------- ----- -------
00000000    00000000    000008f8   000008f8    r-x
  00000000    00000000    0000026c   0000026c    r-- .intvecs
  0000026c    0000026c    000005f4   000005f4    r-x .text
  00000860    00000860    0000006c   0000006c    r-- .const
  000008d0    000008d0    00000028   00000028    r-- .cinit
20000000    20000000    00000218   00000000    rw-
  20000000    20000000    00000200   00000000    rw- .stack
  20000200    20000200    00000018   00000000    rw- .data


SECTION ALLOCATION MAP

 output                                  attributes/
section   page    origin      length       input sections
--------  ----  ----------  ----------   ----------------
.intvecs   0    00000000    0000026c     
                  00000000    0000026c     tm4c123gh6pm_startup_ccs.obj (.intvecs)

.text      0    0000026c    000005f4     
                  0000026c    00000110     driverlib.lib : sysctl.obj (.text:SysCtlClockGet)
                  0000037c    000000f4     Xaar_128.obj (.text)
                  00000470    0000009c     rtsv7M4_T_le_v4SPD16_eabi.lib : memcpy_t2.obj (.text)
                  0000050c    0000007a                                   : memset_t2.obj (.text)
                  00000586    00000002                                   : mpu_init.obj (.text)
                  00000588    00000070     main.obj (.text)
                  000005f8    00000070     rtsv7M4_T_le_v4SPD16_eabi.lib : autoinit.obj (.text)
                  00000668    0000006a                                   : copy_decompress_rle.obj (.text)
                  000006d2    00000002                                   : startup.obj (.text)
                  000006d4    00000054                                   : boot.obj (.text)
                  00000728    00000054                                   : exit.obj (.text)
                  0000077c    0000004c                                   : cpy_tbl.obj (.text)
                  000007c8    00000038     driverlib.lib : sysctl.obj (.text:SysCtlPeripheralReady)
                  00000800    00000018     rtsv7M4_T_le_v4SPD16_eabi.lib : args_main.obj (.text)
                  00000818    00000014                                   : _lock.obj (.text)
                  0000082c    0000000e                                   : copy_decompress_none.obj (.text:decompress:none)
                  0000083a    0000000c     tm4c123gh6pm_startup_ccs.obj (.text)
                  00000846    0000000a     driverlib.lib : ssi.obj (.text:SSIDataPut)
                  00000850    00000006                   : sysctl.obj (.text:SysCtlDelay)
                  00000856    00000006     rtsv7M4_T_le_v4SPD16_eabi.lib : copy_decompress_rle.obj (.text:decompress:rle24)
                  0000085c    00000004                                   : pre_init.obj (.text)

.const     0    00000860    0000006c     
                  00000860    0000006c     driverlib.lib : sysctl.obj (.const:g_pui32Xtals)

.cinit     0    000008d0    00000028     
                  000008d0    00000016     (.cinit..data.load) [load image, compression = rle]
                  000008e6    00000002     --HOLE-- [fill = 0]
                  000008e8    00000008     (__TI_handler_table)
                  000008f0    00000008     (__TI_cinit_table)

.init_array 
*          0    00000000    00000000     UNINITIALIZED

.stack     0    20000000    00000200     UNINITIALIZED
                  20000000    00000200     --HOLE--

.data      0    20000200    00000018     UNINITIALIZED
                  20000200    0000000c     rtsv7M4_T_le_v4SPD16_eabi.lib : exit.obj (.data:$O1$$)
                  2000020c    00000008                                   : _lock.obj (.data:$O1$$)
                  20000214    00000004                                   : stkdepth_vars.obj (.data)

MODULE SUMMARY

       Module                         code   ro data   rw data
       ------                         ----   -------   -------
    .\
       tm4c123gh6pm_startup_ccs.obj   12     620       0      
       Xaar_128.obj                   244    0         0      
       main.obj                       112    0         0      
    +--+------------------------------+------+---------+---------+
       Total:                         368    620       0      
                                                              
    F:/TI/TivaWare_C_Series-2.1.3.156/driverlib/ccs/Debug/driverlib.lib
       sysctl.obj                     334    108       0      
       ssi.obj                        10     0         0      
    +--+------------------------------+------+---------+---------+
       Total:                         344    108       0      
                                                              
    F:\TI\CCS\ccsv6\tools\compiler\arm_15.12.3.LTS\lib\rtsv7M4_T_le_v4SPD16_eabi.lib
       memcpy_t2.obj                  156    0         0      
       memset_t2.obj                  122    0         0      
       autoinit.obj                   112    0         0      
       copy_decompress_rle.obj        112    0         0      
       exit.obj                       84     0         12     
       boot.obj                       84     0         0      
       cpy_tbl.obj                    76     0         0      
       _lock.obj                      20     0         8      
       args_main.obj                  24     0         0      
       copy_decompress_none.obj       14     0         0      
       pre_init.obj                   4      0         0      
       stkdepth_vars.obj              0      0         4      
       mpu_init.obj                   2      0         0      
       startup.obj                    2      0         0      
    +--+------------------------------+------+---------+---------+
       Total:                         812    0         24     
                                                              
       Stack:                         0      0         512    
       Linker Generated:              0      38        0      
    +--+------------------------------+------+---------+---------+
       Grand Total:                   1524   766       536    


LINKER GENERATED COPY TABLES

__TI_cinit_table @ 000008f0 records: 1, size/record: 8, table size: 8
	.data: load addr=000008d0, load size=00000016 bytes, run addr=20000200, run size=00000018 bytes, compression=rle


LINKER GENERATED HANDLER TABLE

__TI_handler_table @ 000008e8 records: 2, size/record: 4, table size: 8
	index: 0, handler: __TI_decompress_rle24
	index: 1, handler: __TI_decompress_none


GLOBAL SYMBOLS: SORTED ALPHABETICALLY BY Name 

address   name                           
-------   ----                           
00000729  C$$EXIT                        
0000083b  ResetISR                       
UNDEFED   SHT$$INIT_ARRAY$$Base          
UNDEFED   SHT$$INIT_ARRAY$$Limit         
00000847  SSIDataPut                     
0000026d  SysCtlClockGet                 
00000851  SysCtlDelay                    
000007c9  SysCtlPeripheralReady          
00000429  XAAR_128_DATA_Put              
0000037d  XAAR_128_Init                  
20000200  __STACK_END                    
00000200  __STACK_SIZE                   
20000200  __STACK_TOP                    
000008f0  __TI_CINIT_Base                
000008f8  __TI_CINIT_Limit               
000008e8  __TI_Handler_Table_Base        
000008f0  __TI_Handler_Table_Limit       
000005f9  __TI_auto_init                 
20000200  __TI_cleanup_ptr               
0000082d  __TI_decompress_none           
00000857  __TI_decompress_rle24          
20000204  __TI_dtors_ptr                 
20000208  __TI_enable_exit_profile_output
ffffffff  __TI_pprof_out_hndl            
ffffffff  __TI_prof_data_size            
ffffffff  __TI_prof_data_start           
00000000  __TI_static_base__             
0000050d  __aeabi_memclr                 
0000050d  __aeabi_memclr4                
0000050d  __aeabi_memclr8                
00000471  __aeabi_memcpy                 
00000471  __aeabi_memcpy4                
00000471  __aeabi_memcpy8                
0000050f  __aeabi_memset                 
0000050f  __aeabi_memset4                
0000050f  __aeabi_memset8                
ffffffff  __binit__                      
ffffffff  __c_args__                     
00000587  __mpu_init                     
20000000  __stack                        
00000801  _args_main                     
000006d5  _c_int00                       
2000020c  _lock                          
00000827  _nop                           
0000081f  _register_lock                 
00000819  _register_unlock               
000006d3  _system_post_cinit             
0000085d  _system_pre_init               
20000210  _unlock                        
0000072d  abort                          
ffffffff  binit                          
0000077d  copy_in                        
00000735  exit                           
00000000  g_pfnVectors                   
00000589  main                           
20000214  main_func_sp                   
00000471  memcpy                         
00000515  memset                         


GLOBAL SYMBOLS: SORTED BY Symbol Address 

address   name                           
-------   ----                           
00000000  __TI_static_base__             
00000000  g_pfnVectors                   
00000200  __STACK_SIZE                   
0000026d  SysCtlClockGet                 
0000037d  XAAR_128_Init                  
00000429  XAAR_128_DATA_Put              
00000471  __aeabi_memcpy                 
00000471  __aeabi_memcpy4                
00000471  __aeabi_memcpy8                
00000471  memcpy                         
0000050d  __aeabi_memclr                 
0000050d  __aeabi_memclr4                
0000050d  __aeabi_memclr8                
0000050f  __aeabi_memset                 
0000050f  __aeabi_memset4                
0000050f  __aeabi_memset8                
00000515  memset                         
00000587  __mpu_init                     
00000589  main                           
000005f9  __TI_auto_init                 
000006d3  _system_post_cinit             
000006d5  _c_int00                       
00000729  C$$EXIT                        
0000072d  abort                          
00000735  exit                           
0000077d  copy_in                        
000007c9  SysCtlPeripheralReady          
00000801  _args_main                     
00000819  _register_unlock               
0000081f  _register_lock                 
00000827  _nop                           
0000082d  __TI_decompress_none           
0000083b  ResetISR                       
00000847  SSIDataPut                     
00000851  SysCtlDelay                    
00000857  __TI_decompress_rle24          
0000085d  _system_pre_init               
000008e8  __TI_Handler_Table_Base        
000008f0  __TI_CINIT_Base                
000008f0  __TI_Handler_Table_Limit       
000008f8  __TI_CINIT_Limit               
20000000  __stack                        
20000200  __STACK_END                    
20000200  __STACK_TOP                    
20000200  __TI_cleanup_ptr               
20000204  __TI_dtors_ptr                 
20000208  __TI_enable_exit_profile_output
2000020c  _lock                          
20000210  _unlock                        
20000214  main_func_sp                   
ffffffff  __TI_pprof_out_hndl            
ffffffff  __TI_prof_data_size            
ffffffff  __TI_prof_data_start           
ffffffff  __binit__                      
ffffffff  __c_args__                     
ffffffff  binit                          
UNDEFED   SHT$$INIT_ARRAY$$Base          
UNDEFED   SHT$$INIT_ARRAY$$Limit         

[58 symbols]
